[backblue.gif]
[fade.gif]
[index.html]
[rumah-kayu2.test/feed]
[rumah-kayu2.test/comments/feed]
[rumah-kayu2.test/wp-content/uploads/2023/05/Ini-Dia-Desain-Rumah-Kayu-Minimalis-Terbaru-Paling-Nyaman.jpg]
[rumah-kayu2.test/wp-includes/js/jquery/jquery.mina767.js]
[rumah-kayu2.test/wp-includes/js/jquery/jquery-migrate.min6b00.js]
[rumah-kayu2.test/wp-content/plugins/elementor/assets/lib/font-awesome/js/v4-shims.mine56c.js]
[rumah-kayu2.test/wp-json/index.html]
[rumah-kayu2.test/wp-json/wp/v2/pages/11.json]
[rumah-kayu2.test/xmlrpc0db0.php]
[rumah-kayu2.test/wp-includes/wlwmanifest.xml]
[rumah-kayu2.test/wp-json/oembed/1.0/embedda96.json]
[rumah-kayu2.test/wp-json/oembed/1.0/embedf108]
[s3-media2.fl.yelpcdn.com/assets/srv0/yelp_design_web/9b34e39ccbeb/assets/img/stars/stars.png]
[rumah-kayu2.test/wp-content/uploads/2023/05/ThaiLanna-Home-buy-your-own-TEAK-wooden-house-in-Thailand.jpg]
[rumah-kayu2.test/wp-content/uploads/2023/05/Pan-Abode-Mighty-Cabana-Tiny-House-Blog.gif]
[rumah-kayu2.test/wp-content/uploads/2023/05/Park-Model-Log-Cabins-Lancaster-Log-Cabins.jpg]
[rumah-kayu2.test/wp-content/themes/astra/assets/js/minified/frontend.mina352.js]
[rumah-kayu2.test/wp-content/plugins/essential-addons-for-elementor-lite/assets/front-end/js/view/general.mina78f.js]
[rumah-kayu2.test/wp-content/uploads/essential-addons-elementor/eael-11a232.js]
[rumah-kayu2.test/wp-content/plugins/elementor/assets/js/webpack.runtime.mine56c.js]
[rumah-kayu2.test/wp-content/plugins/elementor/assets/js/frontend-modules.mine56c.js]
[rumah-kayu2.test/wp-content/plugins/elementor/assets/lib/waypoints/waypoints.min05da.js]
[rumah-kayu2.test/wp-includes/js/jquery/ui/core.min3f14.js]
[rumah-kayu2.test/wp-content/plugins/elementor/assets/js/frontend.mine56c.js]
[rumah-kayu2.test/wp-includes/js/underscore.mind584.js]
[rumah-kayu2.test/wp-includes/js/wp-util.minae48.js]
[rumah-kayu2.test/index.html]
[rumah-kayu2.test/wp-content/plugins/wpforms-lite/assets/js/integrations/elementor/frontend.minbbb9.js]
[rumah-kayu2.test/wp-content/themes/astra/assets/css/minified/main.mina352.css]
[rumah-kayu2.test/wp-includes/css/dist/block-library/style.minae48.css]
[rumah-kayu2.test/wp-content/plugins/elementor/assets/lib/eicons/fonts/eiconsd6bb.eot]
[rumah-kayu2.test/wp-content/plugins/elementor/assets/lib/eicons/fonts/eiconsd6bb.woff2]
[rumah-kayu2.test/wp-content/plugins/elementor/assets/lib/eicons/fonts/eiconsd6bb.woff]
[rumah-kayu2.test/wp-content/plugins/elementor/assets/lib/eicons/fonts/eiconsd6bb.ttf]
[rumah-kayu2.test/wp-content/plugins/elementor/assets/lib/eicons/css/elementor-icons.min3b94.css]
[rumah-kayu2.test/wp-content/plugins/essential-addons-for-elementor-lite/assets/admin/images/templately/logo-icon.svg]
[rumah-kayu2.test/wp-content/plugins/elementor/assets/css/frontend-lite.mine56c.css]
[rumah-kayu2.test/wp-content/plugins/elementor/assets/lib/swiper/v8/css/swiper.min94a4.css]
[rumah-kayu2.test/wp-content/plugins/elementor/assets/lib/font-awesome/webfonts/fa-brands-400.eot]
[rumah-kayu2.test/wp-content/plugins/elementor/assets/lib/font-awesome/webfonts/fa-brands-400.woff2]
[rumah-kayu2.test/wp-content/plugins/elementor/assets/lib/font-awesome/webfonts/fa-brands-400d41d.eot]
[rumah-kayu2.test/wp-content/plugins/elementor/assets/lib/font-awesome/webfonts/fa-brands-400.woff]
[rumah-kayu2.test/wp-content/plugins/elementor/assets/lib/font-awesome/webfonts/fa-brands-400.ttf]
[rumah-kayu2.test/wp-content/plugins/elementor/assets/lib/font-awesome/webfonts/fa-regular-400.eot]
[rumah-kayu2.test/wp-content/plugins/elementor/assets/lib/font-awesome/webfonts/fa-regular-400.woff2]
[rumah-kayu2.test/wp-content/plugins/elementor/assets/lib/font-awesome/webfonts/fa-regular-400.woff]
[rumah-kayu2.test/wp-content/plugins/elementor/assets/lib/font-awesome/webfonts/fa-regular-400d41d.eot]
[rumah-kayu2.test/wp-content/plugins/elementor/assets/lib/font-awesome/webfonts/fa-regular-400.ttf]
[rumah-kayu2.test/wp-content/plugins/elementor/assets/lib/font-awesome/webfonts/fa-solid-900.eot]
[rumah-kayu2.test/wp-content/plugins/elementor/assets/lib/font-awesome/webfonts/fa-solid-900.woff2]
[rumah-kayu2.test/wp-content/plugins/elementor/assets/lib/font-awesome/webfonts/fa-solid-900d41d.eot]
[rumah-kayu2.test/wp-content/plugins/elementor/assets/lib/font-awesome/webfonts/fa-solid-900.woff]
[rumah-kayu2.test/wp-content/plugins/elementor/assets/lib/font-awesome/webfonts/fa-solid-900.ttf]
[rumah-kayu2.test/wp-content/plugins/elementor/assets/lib/font-awesome/css/all.mine56c.css]
[rumah-kayu2.test/wp-content/plugins/elementor/assets/lib/font-awesome/css/v4-shims.mine56c.css]
[rumah-kayu2.test/wp-content/plugins/essential-addons-for-elementor-lite/assets/front-end/css/view/general.mina78f.css]
[rumah-kayu2.test/wp-content/plugins/elementor/assets/lib/font-awesome/css/fontawesome.min52d5.css]
[rumah-kayu2.test/wp-content/plugins/elementor/assets/lib/font-awesome/css/solid.min52d5.css]
[rumah-kayu2.test/wp-content/uploads/2021/11/logo-white.svg]
[rumah-kayu2.test/wp-json/wp/v2/pages/14.json]
[rumah-kayu2.test/wp-json/oembed/1.0/embede4dd.json]
[rumah-kayu2.test/wp-json/oembed/1.0/embedabb8]
[rumah-kayu2.test/about.html]
[rumah-kayu2.test/wp-json/wp/v2/pages/15.json]
[rumah-kayu2.test/wp-json/oembed/1.0/embedabfc.json]
[rumah-kayu2.test/wp-json/oembed/1.0/embed7487]
[rumah-kayu2.test/services.html]
[rumah-kayu2.test/wp-json/wp/v2/pages/16.json]
[rumah-kayu2.test/wp-json/oembed/1.0/embed342b.json]
[rumah-kayu2.test/wp-json/oembed/1.0/embedc36c]
[rumah-kayu2.test/contact.html]
[rumah-kayu2.test/wp-content/plugins/elementor/assets/lib/eicons/fonts/eiconsd6bb.svg]
[rumah-kayu2.test/wp-content/plugins/elementor/assets/lib/font-awesome/webfonts/fa-brands-400.svg]
[rumah-kayu2.test/wp-content/plugins/elementor/assets/lib/font-awesome/webfonts/fa-regular-400.svg]
[rumah-kayu2.test/wp-content/plugins/elementor/assets/lib/font-awesome/webfonts/fa-solid-900.svg]
[rumah-kayu2.test/index0b69.html]
[rumah-kayu2.test/indexa1ca.html]
[rumah-kayu2.test/index0e62.html]
